12323423
